../drivers/Src/stm32f407_SPI_Driver.c:24:9:FlagStatus	16	static
../drivers/Src/stm32f407_SPI_Driver.c:45:6:SPI_Control	16	static
../drivers/Src/stm32f407_SPI_Driver.c:66:6:SPI_SSI_Config	16	static
../drivers/Src/stm32f407_SPI_Driver.c:89:6:SPI_PeriphControl	16	static
../drivers/Src/stm32f407_SPI_Driver.c:125:6:SPI_Init	24	static
../drivers/Src/stm32f407_SPI_Driver.c:177:6:SPI_DeInit	16	static
../drivers/Src/stm32f407_SPI_Driver.c:204:6:SPI_Data_Send	24	static
../drivers/Src/stm32f407_SPI_Driver.c:241:6:SPI_Data_Receive	24	static
../drivers/Src/stm32f407_SPI_Driver.c:259:9:SPI_Data_SendIntp	32	static
../drivers/Src/stm32f407_SPI_Driver.c:291:9:SPI_Data_ReceiveIntp	32	static
../drivers/Src/stm32f407_SPI_Driver.c:324:6:SPI_InterruptConfig	16	static
../drivers/Src/stm32f407_SPI_Driver.c:355:6:SPI_OVR_Clear	24	static
../drivers/Src/stm32f407_SPI_Driver.c:363:6:SPI_Close_Finish_Transmission	16	static
../drivers/Src/stm32f407_SPI_Driver.c:374:6:SPI_Close_Finish_Reception	16	static
../drivers/Src/stm32f407_SPI_Driver.c:387:13:spi_rxneInterrupt_Handle	16	static
../drivers/Src/stm32f407_SPI_Driver.c:407:13:spi_txeInterrupt_Handle	16	static
../drivers/Src/stm32f407_SPI_Driver.c:431:13:spi_ovrInterrupt_Handle	24	static
../drivers/Src/stm32f407_SPI_Driver.c:455:6:SPI_IRQHandler	24	static
../drivers/Src/stm32f407_SPI_Driver.c:501:6:SPI_InterruptPriorityConfig	24	static
../drivers/Src/stm32f407_SPI_Driver.c:509:28:spi_appEvencallBack	16	static
