../drivers/Src/stm32f407_SPI_Driver.c:24:9:FlagStatus	16	static
../drivers/Src/stm32f407_SPI_Driver.c:45:6:SPI_Control	16	static
../drivers/Src/stm32f407_SPI_Driver.c:66:6:SPI_SSI_Config	16	static
../drivers/Src/stm32f407_SPI_Driver.c:87:6:SPI_SSOE_Config	16	static
../drivers/Src/stm32f407_SPI_Driver.c:108:6:SPI_PeriphControl	16	static
../drivers/Src/stm32f407_SPI_Driver.c:144:6:SPI_Init	24	static
../drivers/Src/stm32f407_SPI_Driver.c:196:6:SPI_DeInit	16	static
../drivers/Src/stm32f407_SPI_Driver.c:223:6:SPI_Data_Send	24	static
../drivers/Src/stm32f407_SPI_Driver.c:260:6:SPI_Data_Receive	24	static
../drivers/Src/stm32f407_SPI_Driver.c:296:9:SPI_Data_SendIntp	32	static
../drivers/Src/stm32f407_SPI_Driver.c:328:9:SPI_Data_ReceiveIntp	32	static
../drivers/Src/stm32f407_SPI_Driver.c:361:6:SPI_InterruptConfig	16	static
../drivers/Src/stm32f407_SPI_Driver.c:392:6:SPI_OVR_Clear	24	static
../drivers/Src/stm32f407_SPI_Driver.c:400:6:SPI_Close_Finish_Transmission	16	static
../drivers/Src/stm32f407_SPI_Driver.c:411:6:SPI_Close_Finish_Reception	16	static
../drivers/Src/stm32f407_SPI_Driver.c:424:13:spi_rxneInterrupt_Handle	16	static
../drivers/Src/stm32f407_SPI_Driver.c:444:13:spi_txeInterrupt_Handle	16	static
../drivers/Src/stm32f407_SPI_Driver.c:468:13:spi_ovrInterrupt_Handle	24	static
../drivers/Src/stm32f407_SPI_Driver.c:492:6:SPI_IRQHandler	24	static
../drivers/Src/stm32f407_SPI_Driver.c:538:6:SPI_InterruptPriorityConfig	24	static
../drivers/Src/stm32f407_SPI_Driver.c:546:28:spi_appEvencallBack	16	static
