08:33:37 **** Incremental Build of configuration Debug for project ATM_GPIO_Output1_SET_RESET ****
make -j16 all 
arm-none-eabi-gcc "../Src/main.c" -mcpu=cortex-m4 -std=gnu11 -g3 -DDEBUG -DSTM32 -DSTM32F4 -DSTM32F411RETx -DSTM32F411xE -c -I../Inc -I"D:/All_About_EmbeddedC-C++/STM32F411_Workspace/Chip_headers/CMSIS/Device/ST/STM32F4xx/Include" -I"D:/All_About_EmbeddedC-C++/STM32F411_Workspace/Chip_headers/CMSIS/Include" -O0 -ffunction-sections -fdata-sections -Wall -fstack-usage -MMD -MP -MF"Src/main.d" -MT"Src/main.o" --specs=nano.specs -mfpu=fpv4-sp-d16 -mfloat-abi=hard -mthumb -o "Src/main.o"
arm-none-eabi-gcc -o "ATM_GPIO_Output1_SET_RESET.elf" @"objects.list"   -mcpu=cortex-m4 -T"D:\All_About_EmbeddedC-C++\STM32F411_Workspace\ATM_GPIO_Output1_SET_RESET\STM32F411RETX_FLASH.ld" --specs=nosys.specs -Wl,-Map="ATM_GPIO_Output1_SET_RESET.map" -Wl,--gc-sections -static --specs=nano.specs -mfpu=fpv4-sp-d16 -mfloat-abi=hard -mthumb -Wl,--start-group -lc -lm -Wl,--end-group
Finished building target: ATM_GPIO_Output1_SET_RESET.elf
 
arm-none-eabi-size   ATM_GPIO_Output1_SET_RESET.elf 
arm-none-eabi-objdump -h -S  ATM_GPIO_Output1_SET_RESET.elf  > "ATM_GPIO_Output1_SET_RESET.list"
   text	   data	    bss	    dec	    hex	filename
    804	      8	   1568	   2380	    94c	ATM_GPIO_Output1_SET_RESET.elf
Finished building: default.size.stdout
 
Finished building: ATM_GPIO_Output1_SET_RESET.list
 
08:33:41 **** Incremental Build of configuration Debug for project ATM_GPIO_Output1_SET_RESET ****
make -j16 all 
arm-none-eabi-size   ATM_GPIO_Output1_SET_RESET.elf 
   text	   data	    bss	    dec	    hex	filename
    804	      8	   1568	   2380	    94c	ATM_GPIO_Output1_SET_RESET.elf
Finished building: default.size.stdout
 
