12:42:31 **** Incremental Build of configuration Debug for project 4HSE_LogicAnalyzer ****
make -j16 all 
arm-none-eabi-size   4HSE_LogicAnalyzer.elf 
   text	   data	    bss	    dec	    hex	filename
    840	      8	   1568	   2416	    970	4HSE_LogicAnalyzer.elf
Finished building: default.size.stdout
 
12:42:47 **** Incremental Build of configuration Debug for project 4HSE_LogicAnalyzer ****
make -j16 all 
arm-none-eabi-size   4HSE_LogicAnalyzer.elf 
   text	   data	    bss	    dec	    hex	filename
    840	      8	   1568	   2416	    970	4HSE_LogicAnalyzer.elf
Finished building: default.size.stdout
 
12:45:20 **** Incremental Build of configuration Debug for project 4HSE_LogicAnalyzer ****
make -j16 all 
arm-none-eabi-size   4HSE_LogicAnalyzer.elf 
   text	   data	    bss	    dec	    hex	filename
    840	      8	   1568	   2416	    970	4HSE_LogicAnalyzer.elf
Finished building: default.size.stdout
 
12:46:16 **** Incremental Build of configuration Debug for project 4HSE_LogicAnalyzer ****
make -j16 all 
arm-none-eabi-size   4HSE_LogicAnalyzer.elf 
   text	   data	    bss	    dec	    hex	filename
    840	      8	   1568	   2416	    970	4HSE_LogicAnalyzer.elf
Finished building: default.size.stdout
 
12:47:40 **** Incremental Build of configuration Debug for project 4HSE_LogicAnalyzer ****
make -j16 all 
arm-none-eabi-size   4HSE_LogicAnalyzer.elf 
   text	   data	    bss	    dec	    hex	filename
    840	      8	   1568	   2416	    970	4HSE_LogicAnalyzer.elf
Finished building: default.size.stdout
 
12:49:51 **** Incremental Build of configuration Debug for project 4HSE_LogicAnalyzer ****
make -j16 all 
arm-none-eabi-size   4HSE_LogicAnalyzer.elf 
   text	   data	    bss	    dec	    hex	filename
    840	      8	   1568	   2416	    970	4HSE_LogicAnalyzer.elf
Finished building: default.size.stdout
 
